[themesflat.co/html/gettree/index04b9.html]
[backblue.gif]
[fade.gif]
[index.html]
[themesflat.co/html/gettree/icon/Favicon.png]
[themesflat.co/html/gettree/index.html]
[themesflat.co/html/gettree/icon/logo-dark.png]
[themesflat.co/html/gettree/home-2.html]
[themesflat.co/html/gettree/about.html]
[themesflat.co/html/gettree/team.html]
[themesflat.co/html/gettree/faq.html]
[themesflat.co/html/gettree/services.html]
[themesflat.co/html/gettree/service-details.html]
[themesflat.co/html/gettree/case-study.html]
[themesflat.co/html/gettree/case-details.html]
[themesflat.co/html/gettree/blog.html]
[themesflat.co/html/gettree/blog-detail.html]
[themesflat.co/html/gettree/contact.html]
[themesflat.co/html/gettree/images/home/young-woman-with-their-garden-crops.png]
[themesflat.co/html/gettree/images/home/the-girl-in-the-glasses.jpg]
[themesflat.co/html/gettree/images/home/circle-about.png]
[themesflat.co/html/gettree/images/home/box-flowers-green-garden.jpg]
[themesflat.co/html/gettree/images/team/staff1.png]
[themesflat.co/html/gettree/images/team/staff2.png]
[themesflat.co/html/gettree/images/team/staff3.png]
[themesflat.co/html/gettree/images/profolio/home1-item1.jpg]
[themesflat.co/html/gettree/images/profolio/home1-item2.jpg]
[themesflat.co/html/gettree/images/profolio/home1-item3.jpg]
[themesflat.co/html/gettree/images/profolio/home1-item4.jpg]
[themesflat.co/html/gettree/images/team/staff-box1.jpg]
[themesflat.co/html/gettree/images/team/staff-box2.jpg]
[themesflat.co/html/gettree/images/team/staff-box3.jpg]
[themesflat.co/html/gettree/icon/logo-light.png]
[themesflat.co/html/gettree/javascript/jquery.min.js]
[themesflat.co/html/gettree/owlcarousel/owl.carousel.min.js]
[themesflat.co/html/gettree/javascript/bootstrap.min.js]
[themesflat.co/html/gettree/javascript/owl.carousel.js]
[themesflat.co/html/gettree/javascript/jquery-validate.js]
[themesflat.co/html/gettree/javascript/jquery.easing.js]
[themesflat.co/html/gettree/javascript/jquery.cookie.js]
[themesflat.co/html/gettree/javascript/waypoints.min.js]
[themesflat.co/html/gettree/javascript/countto.js]
[themesflat.co/html/gettree/javascript/wow.min.js]
[themesflat.co/html/gettree/javascript/main.js]
[themesflat.co/html/gettree/rev-slider/js/jquery.themepunch.revolution.min.js]
[themesflat.co/html/gettree/rev-slider/js/jquery.themepunch.tools.min.js]
[themesflat.co/html/gettree/javascript/rev-slider.js]
[themesflat.co/html/gettree/rev-slider/js/extensions/extensionsrevolution.extension.actions.min.js]
[themesflat.co/html/gettree/rev-slider/js/extensions/extensionsrevolution.extension.carousel.min.js]
[themesflat.co/html/gettree/rev-slider/js/extensions/extensionsrevolution.extension.kenburn.min.js]
[themesflat.co/html/gettree/rev-slider/js/extensions/extensionsrevolution.extension.layeranimation.min.js]
[themesflat.co/html/gettree/rev-slider/js/extensions/extensionsrevolution.extension.migration.min.js]
[themesflat.co/html/gettree/rev-slider/js/extensions/extensionsrevolution.extension.navigation.min.js]
[themesflat.co/html/gettree/rev-slider/js/extensions/extensionsrevolution.extension.parallax.min.js]
[themesflat.co/html/gettree/rev-slider/js/extensions/extensionsrevolution.extension.slideanims.min.js]
[themesflat.co/html/gettree/rev-slider/js/extensions/extensionsrevolution.extension.video.min.js]
[themesflat.co/html/gettree/index04b9.html]
[themesflat.co/html/gettree/fonts/glyphicons-halflings-regular.39.delayed]
[themesflat.co/html/gettree/fonts/glyphicons-halflings-regular.3ad41d.delayed]
[themesflat.co/html/gettree/fonts/glyphicons-halflings-regular.3b.delayed]
[themesflat.co/html/gettree/fonts/glyphicons-halflings-regular.3c.delayed]
[themesflat.co/html/gettree/fonts/glyphicons-halflings-regular.3d.delayed]
[themesflat.co/html/gettree/fonts/glyphicons-halflings-regular.3e.delayed]
[themesflat.co/html/gettree/stylesheet/bootstrap.css]
[themesflat.co/html/gettree/images/home/box-flowers-green-garden-background.jpg]
[themesflat.co/html/gettree/images/mask-back-ground/Mask-group-6.png]
[themesflat.co/html/gettree/stylesheet/fonts/icomoon.488918.delayed]
[themesflat.co/html/gettree/stylesheet/fonts/icomoon.498918.delayed]
[themesflat.co/html/gettree/stylesheet/fonts/icomoon.4a8918.delayed]
[themesflat.co/html/gettree/stylesheet/fonts/icomoon.4b8918.delayed]
[themesflat.co/html/gettree/stylesheet/style.css]
[themesflat.co/html/gettree/stylesheet/responsive.css]
[themesflat.co/html/gettree/fonts/icomoonc5eb.eot]
[themesflat.co/html/gettree/fonts/icomoonc5eb.ttf]
[themesflat.co/html/gettree/fonts/icomoonc5eb.woff]
[themesflat.co/html/gettree/stylesheet/icomoon.css]
[themesflat.co/html/gettree/stylesheet/animate.css]
[themesflat.co/html/gettree/index.html]
[themesflat.co/html/gettree/images/home/slidehome2.png]
[themesflat.co/html/gettree/images/why-choose-us/artical-post-1.jpg]
[themesflat.co/html/gettree/images/why-choose-us/artical-post-2.jpg]
[themesflat.co/html/gettree/images/why-choose-us/artical-post-3.jpg]
[themesflat.co/html/gettree/images/home/close-up-planting-flowers-pot.jpg]
[themesflat.co/html/gettree/images/shop/item1.png]
[themesflat.co/html/gettree/images/shop/item2.png]
[themesflat.co/html/gettree/images/shop/item3.png]
[themesflat.co/html/gettree/images/shop/item4.png]
[themesflat.co/html/gettree/images/profolio/profolio-image-1.jpg]
[themesflat.co/html/gettree/images/profolio/profolio-image-2.jpg]
[themesflat.co/html/gettree/images/profolio/profolio-image-3.jpg]
[themesflat.co/html/gettree/images/profolio/profolio-image-4.jpg]
[themesflat.co/html/gettree/images/profolio/profolio-image-5.jpg]
[themesflat.co/html/gettree/images/testimonials/young-beautiful-florist-watering-flowers.jpg]
[themesflat.co/html/gettree/images/news/young-workers-greenhouse-feed-flowers-concept-caring-plants.jpg]
[themesflat.co/html/gettree/images/blog/woman-plant-the-tree.jpg]
[themesflat.co/html/gettree/images/news/medium-shot-woman-online-meeting.jpg]
[themesflat.co/html/gettree/home-2.html]
[themesflat.co/html/gettree/about.html]
[themesflat.co/html/gettree/team.html]
[themesflat.co/html/gettree/faq.html]
[themesflat.co/html/gettree/services.html]
[themesflat.co/html/gettree/images/services/smiley-colleagues-having-meeting-office.jpg]
[themesflat.co/html/gettree/images/services/medium-shot-woman-holding-plant-pot.jpg]
[themesflat.co/html/gettree/images/services/box-flowers-green-garden.jpg]
[themesflat.co/html/gettree/service-details.html]
[themesflat.co/html/gettree/images/case-study/the-woman-in-glasses-house.jpg]
[themesflat.co/html/gettree/images/case-study/the-woman-plant-tree.jpg]
[themesflat.co/html/gettree/images/case-study/plant-tree.jpg]
[themesflat.co/html/gettree/images/case-study/plant-tree2.jpg]
[themesflat.co/html/gettree/images/case-study/working-in-garden.jpg]
[themesflat.co/html/gettree/images/case-study/close-up-picture-hand-holding-wooden-tray-which-full-pots-plants.jpg]
[themesflat.co/html/gettree/case-study.html]
[themesflat.co/html/gettree/images/services/medium-shot-woman-plant-pot.jpg]
[themesflat.co/html/gettree/images/services/close-up-planting-flowers-pot.jpg]
[themesflat.co/html/gettree/images/services/portrait-smiling-young-woman-holding-colorful-petunias-wooden-crate.jpg]
[themesflat.co/html/gettree/images/services/portrait-woman-gardening.jpg]
[themesflat.co/html/gettree/case-details.html]
[themesflat.co/html/gettree/images/blog/close-up-picture-hand-holding-wooden-tray-which-full-pots-plants.jpg]
[themesflat.co/html/gettree/images/blog/planting-flowers-pots.jpg]
[themesflat.co/html/gettree/images/blog/plants-pot-with-watering-can.jpg]
[themesflat.co/html/gettree/images/blog/portrait-smiling-young-woman-holding-colorful-petunias-wooden-crate.jpg]
[themesflat.co/html/gettree/images/blog/medium-shot-woman-holding-plant-pot.jpg]
[themesflat.co/html/gettree/images/blog/close-up-picture-hand-holding-wo.jpg]
[themesflat.co/html/gettree/images/blog/planting-flowers-thumb.jpg]
[themesflat.co/html/gettree/images/blog/young-beautiful-florist-watering-flowers.jpg]
[themesflat.co/html/gettree/blog.html]
[themesflat.co/html/gettree/images/blog/young-workers-greenhouse-feed-flowers-concept-caring-plants.jpg]
[themesflat.co/html/gettree/images/blog/young-woman-working-glass-greenhouse.jpg]
[themesflat.co/html/gettree/images/blog/avt1.jpg]
[themesflat.co/html/gettree/images/blog/avt2.jpg]
[themesflat.co/html/gettree/page-blog-single.7c.delayed]
[themesflat.co/html/gettree/blog-detail.html]
[themesflat.co/html/gettree/javascript/gmap3.min.js]
[themesflat.co/html/gettree/contact.html]
[themesflat.co/html/gettree/fonts/glyphicons-halflings-regular.html]
[themesflat.co/html/gettree/fonts/glyphicons-halflings-regulard41d.html]
[themesflat.co/html/gettree/fonts/glyphicons-halflings-regular-2.html]
[themesflat.co/html/gettree/fonts/glyphicons-halflings-regular-3.html]
[themesflat.co/html/gettree/fonts/glyphicons-halflings-regular-4.html]
[themesflat.co/html/gettree/fonts/glyphicons-halflings-regular-5.html]
[themesflat.co/html/gettree/rev-slider/js/jquery.themepunch.revolution.min.js]
[themesflat.co/html/gettree/stylesheet/fonts/flexslider-icon.eot]
[themesflat.co/html/gettree/stylesheet/fonts/flexslider-icon.7fd41d.delayed]
[themesflat.co/html/gettree/stylesheet/fonts/flexslider-icon.80.delayed]
[themesflat.co/html/gettree/stylesheet/fonts/flexslider-icon.81.delayed]
[themesflat.co/html/gettree/stylesheet/fonts/flexslider-icon.82.delayed]
[themesflat.co/html/gettree/stylesheet/flexslider.css]
[themesflat.co/html/gettree/fonts/fontawesome-webfont3e6e.eot]
[themesflat.co/html/gettree/fonts/fontawesome-webfontd41d.eot]
[themesflat.co/html/gettree/fonts/fontawesome-webfont3e6e.woff]
[themesflat.co/html/gettree/fonts/fontawesome-webfont3e6e.ttf]
[themesflat.co/html/gettree/stylesheet/font-awesome.css]
[themesflat.co/html/gettree/images/home/imgheader.jpg]
[themesflat.co/html/gettree/images/mask-back-ground/mask-services.png]
[themesflat.co/html/gettree/images/mask-back-ground/mask-team.png]
[themesflat.co/html/gettree/images/mask-back-ground/Mask-testimonial-box.png]
[themesflat.co/html/gettree/images/home/person-cutthetree.jpg]
[themesflat.co/html/gettree/images/mask-back-ground/mask-about2nd.png]
[themesflat.co/html/gettree/images/mask-back-ground/mask-wp.png]
[themesflat.co/html/gettree/images/mask-back-ground/Group-contact.png]
[themesflat.co/html/gettree/images/mask-back-ground/leaf-contact.png]
[themesflat.co/html/gettree/images/mask-back-ground/Leaf-WCU.png]
[themesflat.co/html/gettree/images/mask-back-ground/mark-leaf.png]
[themesflat.co/html/gettree/images/mask-back-ground/mark-leaf-testimonials.png]
[themesflat.co/html/gettree/images/news/news-mark-leaf.png]
[themesflat.co/html/gettree/images/mask-back-ground/mark-box-services.png]
[themesflat.co/html/gettree/stylesheet/shortcodes.css]
[themesflat.co/html/gettree/stylesheet/owl.video.play.98.delayed]
[themesflat.co/html/gettree/stylesheet/owl.carousel.css]
[themesflat.co/html/gettree/rev-slider/css/layers.css]
[themesflat.co/html/gettree/rev-slider/css/navigation.css]
[themesflat.co/html/gettree/rev-slider/fonts/revicons/revicons90c690c6.9990c6.delayed]
[themesflat.co/html/gettree/rev-slider/fonts/revicons/revicons90c690c6.9a90c6.delayed]
[themesflat.co/html/gettree/rev-slider/fonts/revicons/revicons90c690c6.9b90c6.delayed]
[themesflat.co/html/gettree/rev-slider/fonts/revicons/revicons90c690c6.9c90c6.delayed]
[themesflat.co/html/gettree/rev-slider/css/openhand.9d.delayed]
[themesflat.co/html/gettree/rev-slider/css/closedhand.9e.delayed]
[themesflat.co/html/gettree/rev-slider/assets/gridtile.9f.delayed]
[themesflat.co/html/gettree/rev-slider/assets/gridtile_white.a0.delayed]
[themesflat.co/html/gettree/rev-slider/assets/gridtile_3x3.a1.delayed]
[themesflat.co/html/gettree/rev-slider/assets/gridtile_3x3_white.a2.delayed]
[themesflat.co/html/gettree/rev-slider/assets/coloredbg.a3.delayed]
[themesflat.co/html/gettree/rev-slider/assets/loader.a4.delayed]
[themesflat.co/html/gettree/rev-slider/css/settings.css]
[themesflat.co/html/gettree/stylesheet/fonts/icomoon8918.html]
[themesflat.co/html/gettree/stylesheet/fonts/icomoon8918-2.html]
[themesflat.co/html/gettree/stylesheet/fonts/icomoon8918-3.html]
[themesflat.co/html/gettree/stylesheet/fonts/icomoon8918-4.html]
[themesflat.co/html/gettree/images/Counter/the-man-working-tree.jpg]
[themesflat.co/html/gettree/page-blog-single.html]
[themesflat.co/html/gettree/stylesheet/fonts/flexslider-icon.html]
[themesflat.co/html/gettree/stylesheet/fonts/flexslider-icond41d.html]
[themesflat.co/html/gettree/stylesheet/fonts/flexslider-icon-2.html]
[themesflat.co/html/gettree/stylesheet/fonts/flexslider-icon-3.html]
[themesflat.co/html/gettree/stylesheet/fonts/flexslider-icon-4.html]
[themesflat.co/html/gettree/fonts/fontawesome-webfont3e6e.html]
[themesflat.co/html/gettree/fonts/fontawesome-webfont3e6e.svg]
[themesflat.co/html/gettree/stylesheet/owl.video.play.html]
[themesflat.co/html/gettree/rev-slider/fonts/revicons/revicons90c690c690c6.html]
[themesflat.co/html/gettree/rev-slider/fonts/revicons/revicons90c690c690c6-2.html]
[themesflat.co/html/gettree/rev-slider/fonts/revicons/revicons90c690c690c6-3.html]
[themesflat.co/html/gettree/rev-slider/fonts/revicons/revicons90c690c690c6-4.html]
[themesflat.co/html/gettree/rev-slider/css/openhand.html]
[themesflat.co/html/gettree/rev-slider/css/closedhand.html]
[themesflat.co/html/gettree/rev-slider/assets/gridtile.html]
[themesflat.co/html/gettree/rev-slider/assets/gridtile_white.html]
[themesflat.co/html/gettree/rev-slider/assets/gridtile_3x3.html]
[themesflat.co/html/gettree/rev-slider/assets/gridtile_3x3_white.html]
[themesflat.co/html/gettree/rev-slider/assets/coloredbg.html]
[themesflat.co/html/gettree/rev-slider/assets/loader.html]
[themesflat.co/html/gettree/fonts/icomoonc5eb.svg]
[themesflat.co/html/gettree/images/home/plants-pot-with-watering-can.jpg]
[themesflat.co/html/gettree/images/home/person-cutthetree.jpg]
[themesflat.co/html/gettree/images/Counter/the-man-working-tree.jpg]
[themesflat.co/html/gettree/images/shop/item1.png]
[themesflat.co/html/gettree/images/home/person-cutthetree.jpg]
